Archive member included to satisfy reference by file (symbol)

c:/spc5studio/eclipse/plugins/com.st.tools.spc5.tools.gnu.gcc.ppcvle.win32_4.9.4.201809141314/toolchain/bin/../lib/gcc/powerpc-eabivle/4.9.4/../../../../powerpc-eabivle/lib\libc.a(lib_a-memcpy.o)
                              build/obj/queue.o (memcpy)

Discarded input sections

 .text          0x00000000        0x0 build/obj/boot.o
 .data          0x00000000        0x0 build/obj/boot.o
 .bss           0x00000000        0x0 build/obj/boot.o
 .text          0x00000000        0x0 build/obj/crt0.o
 .data          0x00000000        0x0 build/obj/crt0.o
 .bss           0x00000000        0x0 build/obj/crt0.o
 .text          0x00000000        0x0 build/obj/portasm.o
 .data          0x00000000        0x0 build/obj/portasm.o
 .bss           0x00000000        0x0 build/obj/portasm.o
 .text          0x00000000        0x0 build/obj/vectors.o
 .data          0x00000000        0x0 build/obj/vectors.o
 .bss           0x00000000        0x0 build/obj/vectors.o
 .text          0x00000000        0x0 build/obj/ivor.o
 .data          0x00000000        0x0 build/obj/ivor.o
 .bss           0x00000000        0x0 build/obj/ivor.o
 .text          0x00000000        0x0 build/obj/spc5_lld.o
 .data          0x00000000        0x0 build/obj/spc5_lld.o
 .bss           0x00000000        0x0 build/obj/spc5_lld.o
 .text          0x00000000        0x0 build/obj/spc5_edma.o
 .data          0x00000000        0x0 build/obj/spc5_edma.o
 .bss           0x00000000        0x0 build/obj/spc5_edma.o
 .text.edmaChannelAllocate
                0x00000000       0x74 build/obj/spc5_edma.o
 .text.edmaChannelRelease
                0x00000000       0x44 build/obj/spc5_edma.o
 .text          0x00000000        0x0 build/obj/can_lld.o
 .data          0x00000000        0x0 build/obj/can_lld.o
 .bss           0x00000000        0x0 build/obj/can_lld.o
 .text.can_lld_start
                0x00000000      0x23c build/obj/can_lld.o
 .text.can_lld_stop
                0x00000000       0x66 build/obj/can_lld.o
 .text.can_lld_is_tx_empty
                0x00000000       0x72 build/obj/can_lld.o
 .text.can_lld_transmit
                0x00000000       0xfc build/obj/can_lld.o
 .text.can_lld_is_rx_nonempty
                0x00000000       0x6a build/obj/can_lld.o
 .text.can_lld_receive
                0x00000000      0x10e build/obj/can_lld.o
 .text          0x00000000        0x0 build/obj/spc5_emios.o
 .data          0x00000000        0x0 build/obj/spc5_emios.o
 .bss           0x00000000        0x0 build/obj/spc5_emios.o
 .text.get_emios0_active_ch_group
                0x00000000        0xa build/obj/spc5_emios.o
 .text.increase_emios0_active_ch_group
                0x00000000       0x10 build/obj/spc5_emios.o
 .text.decrease_emios0_active_ch_group
                0x00000000       0x12 build/obj/spc5_emios.o
 .text.pwm_active_emios0_clock
                0x00000000       0x68 build/obj/spc5_emios.o
 .text.pwm_deactive_emios0_clock
                0x00000000       0x22 build/obj/spc5_emios.o
 .text.get_emios1_active_ch_group
                0x00000000        0xa build/obj/spc5_emios.o
 .text.increase_emios1_active_ch_group
                0x00000000       0x10 build/obj/spc5_emios.o
 .text.decrease_emios1_active_ch_group
                0x00000000       0x12 build/obj/spc5_emios.o
 .text.pwm_active_emios1_clock
                0x00000000       0x68 build/obj/spc5_emios.o
 .text.pwm_deactive_emios1_clock
                0x00000000       0x22 build/obj/spc5_emios.o
 .text          0x00000000        0x0 build/obj/pwm_lld.o
 .data          0x00000000        0x0 build/obj/pwm_lld.o
 .bss           0x00000000        0x0 build/obj/pwm_lld.o
 .text.pwm_lld_serve_channel_interrupt
                0x00000000       0x7a build/obj/pwm_lld.o
 .text.pwm_lld_start
                0x00000000      0x23c build/obj/pwm_lld.o
 .text.pwm_lld_stop
                0x00000000       0x72 build/obj/pwm_lld.o
 .text.pwm_lld_change_period
                0x00000000       0x46 build/obj/pwm_lld.o
 .text.pwm_lld_enable_channel
                0x00000000       0xdc build/obj/pwm_lld.o
 .text.pwm_lld_disable_channel
                0x00000000       0xf4 build/obj/pwm_lld.o
 .text          0x00000000        0x0 build/obj/serial_lld.o
 .data          0x00000000        0x0 build/obj/serial_lld.o
 .bss           0x00000000        0x0 build/obj/serial_lld.o
 .text.sd_lld_stop
                0x00000000       0x32 build/obj/serial_lld.o
 .text.sd_lld_read
                0x00000000       0x56 build/obj/serial_lld.o
 .text          0x00000000        0x0 build/obj/spi_lld.o
 .data          0x00000000        0x0 build/obj/spi_lld.o
 .bss           0x00000000        0x0 build/obj/spi_lld.o
 .text.spi_start_rx_ignore
                0x00000000       0x5e build/obj/spi_lld.o
 .text.spi_start_rx8
                0x00000000       0x4a build/obj/spi_lld.o
[...]
Memory Configuration

Name             Origin             Length             Attributes
flash            0x00000000         0x000c0000
dataflash        0x00800000         0x00010000
ram              0x40000000         0x00010000
*default*        0x00000000         0xffffffff

Linker script and memory map

LOAD build/obj/boot.o
LOAD build/obj/crt0.o
LOAD build/obj/portasm.o
LOAD build/obj/vectors.o
LOAD build/obj/ivor.o
LOAD build/obj/spc5_lld.o
LOAD build/obj/spc5_edma.o
LOAD build/obj/can_lld.o
LOAD build/obj/spc5_emios.o
LOAD build/obj/pwm_lld.o
LOAD build/obj/serial_lld.o
LOAD build/obj/spi_lld.o
LOAD build/obj/spc5_linflex.o
LOAD build/obj/croutine.o
LOAD build/obj/list.o
LOAD build/obj/event_groups.o
LOAD build/obj/queue.o
LOAD build/obj/stream_buffer.o
LOAD build/obj/tasks.o
LOAD build/obj/timers.o
LOAD build/obj/port.o
LOAD build/obj/heap_4.o
LOAD build/obj/pal.o
LOAD build/obj/clock.o
LOAD build/obj/irq.o
LOAD build/obj/eirq.o
LOAD build/obj/osal.o
LOAD build/obj/systimer.o
LOAD build/obj/serial_lld_cfg.o
LOAD build/obj/can_lld_cfg.o
LOAD build/obj/pwm_lld_cfg.o
LOAD build/obj/spi_lld_cfg.o
LOAD build/obj/board.o
LOAD build/obj/irq_cfg.o
LOAD build/obj/eirq_cfg.o
LOAD build/obj/main.o
LOAD build/obj/components.o
LOAD c:/spc5studio/eclipse/plugins/com.st.tools.spc5.tools.gnu.gcc.ppcvle.win32_4.9.4.201809141314/toolchain/bin/../lib/gcc/powerpc-eabivle/4.9.4/../../../../powerpc-eabivle/lib\libm.a
LOAD c:/spc5studio/eclipse/plugins/com.st.tools.spc5.tools.gnu.gcc.ppcvle.win32_4.9.4.201809141314/toolchain/bin/../lib/gcc/powerpc-eabivle/4.9.4/../../../../powerpc-eabivle/lib\libc.a
                0x00000000                __irq_stack_size__ = 0x0
                0x00002000                __process_stack_size__ = 0x2000
                0x000c0000                __flash_size__ = LENGTH (flash)
                0x00000000                __flash_start__ = ORIGIN (flash)
                0x000c0000                __flash_end__ = (ORIGIN (flash) + LENGTH (flash))
                0x00010000                __ram_size__ = LENGTH (ram)
                0x40000000                __ram_start__ = ORIGIN (ram)
                0x40010000                __ram_end__ = (ORIGIN (ram) + LENGTH (ram))
                0x00000000                . = ORIGIN (flash)

.boot0          0x00000000      0x342
 *(.boot)
 .boot          0x00000000       0xd6 build/obj/boot.o
                0x00000008                _reset_address
 *(.handlers)
 *fill*         0x000000d6        0xa 
 .handlers      0x000000e0        0x4 build/obj/boot.o
                0x000000e0                _IVOR1
                0x000000e0                _IVOR15
                0x000000e0                _IVOR0
                0x000000e0                _IVOR14
                0x000000e0                _unhandled_exception
                0x000000e0                _IVOR9
                0x000000e0                _IVOR11
                0x000000e0                _IVOR2
                0x000000e0                _IVOR7
                0x000000e0                _IVOR12
                0x000000e0                _IVOR3
                0x000000e0                _IVOR6
                0x000000e0                _IVOR5
                0x000000e0                _IVOR13
                0x000000e0                _IVOR10
 *fill*         0x000000e4        0xc 
 .handlers      0x000000f0      0x1c2 build/obj/portasm.o
                0x000000f0                _IVOR8
                0x00000190                _IVOR4
                0x00000260                vPortStartFirstTask
 *(.crt0)
 *fill*         0x000002b2        0xe 
 .crt0          0x000002c0       0x82 build/obj/crt0.o
                0x000002c0                _boot_address
                0x00000338                _main_exit_handler
                0x0000033e                __late_init
                0x00000340                __eabi

.boot1          0x00000350      0xda4
                0x00000800                . = ALIGN (0x800)
 *fill*         0x00000350      0x4b0 
 *(.vectors)
 .vectors       0x00000800      0x3aa build/obj/vectors.o
                0x00000800                _vectors
                0x00000ba8                vector90
                0x00000ba8                vector119
                0x00000ba8                vector163
                0x00000ba8                vector62
                0x00000ba8                vector198
                0x00000ba8                vector220
                0x00000ba8                vector106
                0x00000ba8                vector222
                0x00000ba8                vector8
                0x00000ba8                vector149
                0x00000ba8                vector232
                0x00000ba8                vector120
                0x00000ba8                vector50
                0x00000ba8                vector134
                0x00000ba8                vector223
                0x00000ba8                vector218
                0x00000ba8                vector225
                0x00000ba8                vector46
                0x00000ba8                vector34
                0x00000ba8                vector179
                0x00000ba8                vector151
                0x00000ba8                vector83
                0x00000ba8                vector89
                0x00000ba8                vector88
                0x00000ba8                vector82
                0x00000ba8                vector117
                0x00000ba8                vector230
                0x00000ba8                vector37
                0x00000ba8                vector205
                0x00000ba8                vector161
                0x00000ba8                vector197
                0x00000ba8                vector129
                0x00000ba8                vector40
                0x00000ba8                vector102
                0x00000ba8                vector56
                0x00000ba8                vector6
                0x00000ba8                vector160
                0x00000ba8                vector215
                0x00000ba8                vector157
                0x00000ba8                vector49
                0x00000ba8                vector44
                0x00000ba8                vector78
                0x00000ba8                vector173
                0x00000ba8                vector226
                0x00000ba8                vector95
                0x00000ba8                vector112
                0x00000ba8                vector182
                0x00000ba8                vector109
                0x00000ba8                vector53
                0x00000ba8                vector187
                0x00000ba8                vector30
                0x00000ba8                vector52
                0x00000ba8                vector184
                0x00000ba8                vector207
                0x00000ba8                vector190
                0x00000ba8                vector116
                0x00000ba8                vector104
                0x00000ba8                vector28
                0x00000ba8                vector169
                0x00000ba8                vector233
                0x00000ba8                vector147
                0x00000ba8                vector94
                0x00000ba8                vector93
                0x00000ba8                vector188
                0x00000ba8                vector36
                0x00000ba8                vector105
                0x00000ba8                vector146
                0x00000ba8                vector191
                0x00000ba8                vector154
                0x00000ba8                vector171
                0x00000ba8                vector48
                0x00000ba8                vector219
                0x00000ba8                vector148
                0x00000ba8                vector221
                0x00000ba8                vector126
                0x00000ba8                vector55
                0x00000ba8                vector58
                0x00000ba8                vector123
                0x00000ba8                vector96
                0x00000ba8                vector31
                0x00000ba8                vector150
                0x00000ba8                vector195
                0x00000ba8                vector127
                0x00000ba8                vector192
                0x00000ba8                vector166
                0x00000ba8                vector75
                0x00000ba8                vector203
                0x00000ba8                vector139
                0x00000ba8                vector153
                0x00000ba8                vector110
                0x00000ba8                vector204
                0x00000ba8                vector137
                0x00000ba8                vector202
                0x00000ba8                vector124
                0x00000ba8                vector155
                0x00000ba8                vector164
                0x00000ba8                vector121
                0x00000ba8                vector5
                0x00000ba8                vector167
                0x00000ba8                vector107
                0x00000ba8                vector145
                0x00000ba8                vector0
                0x00000ba8                vector177
                0x00000ba8                vector118
                0x00000ba8                vector64
                0x00000ba8                vector27
                0x00000ba8                vector224
                0x00000ba8                vector210
                0x00000ba8                vector172
                0x00000ba8                vector3
                0x00000ba8                vector2
                0x00000ba8                vector227
                0x00000ba8                vector132
                0x00000ba8                vector186
                0x00000ba8                vector217
                0x00000ba8                vector211
                0x00000ba8                vector174
                0x00000ba8                vector128
                0x00000ba8                vector51
                0x00000ba8                vector101
                0x00000ba8                vector144
                0x00000ba8                vector1
                0x00000ba8                vector178
                0x00000ba8                vector38
                0x00000ba8                vector133
                0x00000ba8                vector141
                0x00000ba8                vector99
                0x00000ba8                vector213
                0x00000ba8                vector108
                0x00000ba8                vector165
                0x00000ba8                vector185
                0x00000ba8                vector162
                0x00000ba8                vector33
                0x00000ba8                vector87
                0x00000ba8                vector86
                0x00000ba8                _unhandled_irq
                0x00000ba8                vector91
                0x00000ba8                vector115
                0x00000ba8                vector122
                0x00000ba8                vector156
                0x00000ba8                vector138
                0x00000ba8                vector74
                0x00000ba8                vector57
                0x00000ba8                vector214
                0x00000ba8                vector67
                0x00000ba8                vector200
                0x00000ba8                vector189
                0x00000ba8                vector7
                0x00000ba8                vector61
                0x00000ba8                vector111
                0x00000ba8                vector54
                0x00000ba8                vector92
                0x00000ba8                vector142
                0x00000ba8                vector100
                0x00000ba8                vector201
                0x00000ba8                vector60
                0x00000ba8                vector9
                0x00000ba8                vector130
                0x00000ba8                vector228
                0x00000ba8                vector114
                0x00000ba8                vector175
                0x00000ba8                vector143
                0x00000ba8                vector231
                0x00000ba8                vector29
                0x00000ba8                vector135
                0x00000ba8                vector194
                0x00000ba8                vector32
                0x00000ba8                vector199
                0x00000ba8                vector131
                0x00000ba8                vector176
                0x00000ba8                vector97
                0x00000ba8                vector77
                0x00000ba8                vector180
                0x00000ba8                vector208
                0x00000ba8                vector98
                0x00000ba8                vector47
                0x00000ba8                vector212
                0x00000ba8                vector35
                0x00000ba8                vector113
                0x00000ba8                vector125
                0x00000ba8                vector216
                0x00000ba8                vector168
                0x00000ba8                vector39
                0x00000ba8                vector140
                0x00000ba8                vector45
                0x00000ba8                vector229
                0x00000ba8                vector158
                0x00000ba8                vector63
                0x00000ba8                vector193
                0x00000ba8                vector196
                0x00000ba8                vector85
                0x00000ba8                vector84
                0x00000ba8                vector183
                0x00000ba8                vector159
                0x00000ba8                vector181
                0x00000ba8                vector206
                0x00000ba8                vector209
                0x00000ba8                vector4
                0x00000ba8                vector170
                0x00000ba8                vector136
                0x00000ba8                vector103
                0x00001000                . = ALIGN (0x1000)
 *fill*         0x00000baa      0x456 
                0x00001000                __ivpr_base__ = .
 *(.ivors)
 .ivors         0x00001000       0xf4 build/obj/boot.o
                0x00001000                IVORS

constructors    0x000010f4        0x0
                [!provide]                PROVIDE (__init_array_start, .)
 *(SORT(.init_array.*))
 *(.init_array)
                [!provide]                PROVIDE (__init_array_end, .)

destructors     0x000010f4        0x0
                [!provide]                PROVIDE (__fini_array_start, .)
 *(.fini_array)
 *(SORT(.fini_array.*))
                [!provide]                PROVIDE (__fini_array_end, .)

.text_vle
 *(.text_vle)
 *(.text_vle.*)
 *(.gnu.linkonce.t_vle.*)
 *(.vletext)
 *(.vletext.*)()
 *(.ghs.linkonce.t_vle.*)()

.text           0x00001100     0x2646
 *(.text)
 *(.text.*)
 .text.spc5LLDInit
                0x00001100       0x22 build/obj/spc5_lld.o
                0x00001100                spc5LLDInit
 *fill*         0x00001122        0xe 
 .text.vector10
                0x00001130       0x72 build/obj/spc5_edma.o
                0x00001130                vector10
 *fill*         0x000011a2        0xe 
 .text.vector11
                0x000011b0       0x5c build/obj/spc5_edma.o
                0x000011b0                vector11
 *fill*         0x0000120c        0x4 
 .text.vector12
                0x00001210       0x5c build/obj/spc5_edma.o
                0x00001210                vector12
 *fill*         0x0000126c        0x4 
 .text.vector13
                0x00001270       0x5c build/obj/spc5_edma.o
                0x00001270                vector13
 *fill*         0x000012cc        0x4 
 .text.vector14
                0x000012d0       0x5c build/obj/spc5_edma.o
                0x000012d0                vector14
 *fill*         0x0000132c        0x4 
 .text.vector15
                0x00001330       0x5c build/obj/spc5_edma.o
                0x00001330                vector15
 *fill*         0x0000138c        0x4 
 .text.vector16
                0x00001390       0x5c build/obj/spc5_edma.o
                0x00001390                vector16
 *fill*         0x000013ec        0x4 
 .text.vector17
                0x000013f0       0x5c build/obj/spc5_edma.o
                0x000013f0                vector17
 *fill*         0x0000144c        0x4 
 .text.vector18
                0x00001450       0x5c build/obj/spc5_edma.o
                0x00001450                vector18
 *fill*         0x000014ac        0x4 
 .text.vector19
                0x000014b0       0x5c build/obj/spc5_edma.o
                0x000014b0                vector19
 *fill*         0x0000150c        0x4 
 .text.vector20
                0x00001510       0x5c build/obj/spc5_edma.o
                0x00001510                vector20
 *fill*         0x0000156c        0x4 
 .text.vector21
                0x00001570       0x5c build/obj/spc5_edma.o
                0x00001570                vector21
 *fill*         0x000015cc        0x4 
 .text.vector22
                0x000015d0       0x5c build/obj/spc5_edma.o
                0x000015d0                vector22
 *fill*         0x0000162c        0x4 
 .text.vector23
                0x00001630       0x5c build/obj/spc5_edma.o
                0x00001630                vector23
 *fill*         0x0000168c        0x4 
 .text.vector24
                0x00001690       0x5c build/obj/spc5_edma.o
                0x00001690                vector24
 *fill*         0x000016ec        0x4 
 .text.vector25
                0x000016f0       0x5c build/obj/spc5_edma.o
                0x000016f0                vector25
 *fill*         0x0000174c        0x4 
 .text.vector26
                0x00001750       0x5c build/obj/spc5_edma.o
                0x00001750                vector26
 *fill*         0x000017ac        0x4 
 .text.edmaInit
                0x000017b0       0x56 build/obj/spc5_edma.o
                0x000017b0                edmaInit
 *fill*         0x00001806        0xa 
 .text.can_lld_handler.constprop.3
                0x00001810       0xec build/obj/can_lld.o
 *fill*         0x000018fc        0x4 
 .text.vector70
                0x00001900        0x4 build/obj/can_lld.o
                0x00001900                vector70
 *fill*         0x00001904        0xc 
 .text.vector71
                0x00001910        0x4 build/obj/can_lld.o
                0x00001910                vector71
 *fill*         0x00001914        0xc 
 .text.vector72
                0x00001920        0x4 build/obj/can_lld.o
                0x00001920                vector72
 *fill*         0x00001924        0xc 
 .text.vector73
                0x00001930        0x4 build/obj/can_lld.o
                0x00001930                vector73
 *fill*         0x00001934        0xc 
 .text.vector68
                0x00001940        0x4 build/obj/can_lld.o
                0x00001940                vector68
 *fill*         0x00001944        0xc 
 .text.vector69
                0x00001950        0x4 build/obj/can_lld.o
                0x00001950                vector69
 *fill*         0x00001954        0xc 
 .text.vector65
                0x00001960       0x32 build/obj/can_lld.o
                0x00001960                vector65
 *fill*         0x00001992        0xe 
 .text.vector66
                0x000019a0       0x32 build/obj/can_lld.o
                0x000019a0                vector66
 *fill*         0x000019d2        0xe 
 .text.can_lld_init
                0x000019e0       0x36 build/obj/can_lld.o
                0x000019e0                can_lld_init
 *fill*         0x00001a16        0xa 
 .text.reset_emios0_active_ch_group
                0x00001a20        0xc build/obj/spc5_emios.o
                0x00001a20                reset_emios0_active_ch_group
 *fill*         0x00001a2c        0x4 
 .text.reset_emios1_active_ch_group
                0x00001a30        0xc build/obj/spc5_emios.o
                0x00001a30                reset_emios1_active_ch_group
 *fill*         0x00001a3c        0x4 
 .text.vector152
                0x00001a40       0x1c build/obj/spc5_emios.o
                0x00001a40                vector152
 *fill*         0x00001a5c        0x4 
 .text.pwm_lld_serve_period_interrupt
                0x00001a60       0x54 build/obj/pwm_lld.o
                0x00001a60                pwm_lld_serve_period_interrupt
 *fill*         0x00001ab4        0xc 
 .text.pwm_lld_init
                0x00001ac0       0x78 build/obj/pwm_lld.o
                0x00001ac0                pwm_lld_init
 *fill*         0x00001b38        0x8 
 .text.spc5xx_serve_rxi_interrupt
                0x00001b40       0x7c build/obj/serial_lld.o
 *fill*         0x00001bbc        0x4 
 .text.spc5xx_serve_txi_interrupt
                0x00001bc0       0x70 build/obj/serial_lld.o
 .text.spc5xx_serve_err_interrupt
                0x00001c30        0xa build/obj/serial_lld.o
 *fill*         0x00001c3a        0x6 
 .text.sd_lld_init
                0x00001c40       0x5c build/obj/serial_lld.o
                0x00001c40                sd_lld_init
 *fill*         0x00001c9c        0x4 
 .text.sd_lld_start
                0x00001ca0       0xbe build/obj/serial_lld.o
                0x00001ca0                sd_lld_start
 *fill*         0x00001d5e        0x2 
 .text.sd_lld_write
                0x00001d60       0xa8 build/obj/serial_lld.o
                0x00001d60                sd_lld_write
 *fill*         0x00001e08        0x8 
 .text.spi_dspi_prefill_txfifo8
                0x00001e10       0x74 build/obj/spi_lld.o
 *fill*         0x00001e84        0xc 
 .text.spi_dspi_prefill_txfifo16
                0x00001e90       0x74 build/obj/spi_lld.o
 *fill*         0x00001f04        0xc 
 .text.vector76
                0x00001f10       0xf2 build/obj/spi_lld.o
                0x00001f10                vector76
 *fill*         0x00002002        0xe 
 .text.spi_lld_init
                0x00002010       0x46 build/obj/spi_lld.o
                0x00002010                spi_lld_init
 *fill*         0x00002056        0xa 
 .text.vector79
                0x00002060       0x12 build/obj/spc5_linflex.o
                0x00002060                vector79
 *fill*         0x00002072        0xe 
 .text.vector80
                0x00002080       0x12 build/obj/spc5_linflex.o
                0x00002080                vector80
 *fill*         0x00002092        0xe 
 .text.vector81
                0x000020a0       0x12 build/obj/spc5_linflex.o
                0x000020a0                vector81
 *fill*         0x000020b2        0xe 
 .text.linflex_lld_init
                0x000020c0       0x26 build/obj/spc5_linflex.o
                0x000020c0                linflex_lld_init
 *fill*         0x000020e6        0xa 
 .text.vListInitialise
                0x000020f0       0x14 build/obj/list.o
                0x000020f0                vListInitialise
 *fill*         0x00002104        0xc 
 .text.vListInitialiseItem
                0x00002110        0x6 build/obj/list.o
                0x00002110                vListInitialiseItem
 *fill*         0x00002116        0xa 
 .text.vListInsertEnd
                0x00002120       0x18 build/obj/list.o
                0x00002120                vListInsertEnd
 *fill*         0x00002138        0x8 
 .text.vListInsert
                0x00002140       0x46 build/obj/list.o
                0x00002140                vListInsert
 *fill*         0x00002186        0xa 
 .text.uxListRemove
                0x00002190       0x36 build/obj/list.o
                0x00002190                uxListRemove
 *fill*         0x000021c6        0xa 
 .text.prvIdleTask
                0x000021d0       0x16 build/obj/tasks.o
 *fill*         0x000021e6        0xa 
 .text.prvResetNextTaskUnblockTime.part.1
                0x000021f0       0x18 build/obj/tasks.o
 *fill*         0x00002208        0x8 
 .text.prvAddCurrentTaskToDelayedList
                0x00002210       0xae build/obj/tasks.o
 *fill*         0x000022be        0x2 
 .text.vTaskSwitchContext.part.4
                0x000022c0       0x98 build/obj/tasks.o
 *fill*         0x00002358        0x8 
 .text.vTaskEnterCritical.part.5
                0x00002360       0x1c build/obj/tasks.o
 *fill*         0x0000237c        0x4 
 .text.vTaskSuspendAll
                0x00002380       0x10 build/obj/tasks.o
                0x00002380                vTaskSuspendAll
 .text.xTaskIncrementTick
                0x00002390      0x190 build/obj/tasks.o
                0x00002390                xTaskIncrementTick
 .text.vTaskSwitchContext
                0x00002520       0x1e build/obj/tasks.o
                0x00002520                vTaskSwitchContext
 *fill*         0x0000253e        0x2 
 .text.vTaskExitCritical
                0x00002540       0x44 build/obj/tasks.o
                0x00002540                vTaskExitCritical
 *fill*         0x00002584        0xc 
 .text.xTaskCreate
                0x00002590      0x23e build/obj/tasks.o
                0x00002590                xTaskCreate
 *fill*         0x000027ce        0x2 
 .text.vTaskStartScheduler
                0x000027d0       0x62 build/obj/tasks.o
                0x000027d0                vTaskStartScheduler
 *fill*         0x00002832        0xe 
 .text.xTaskResumeAll
                0x00002840      0x164 build/obj/tasks.o
                0x00002840                xTaskResumeAll
 *fill*         0x000029a4        0xc 
 .text.vTaskDelayUntil
                0x000029b0       0x62 build/obj/tasks.o
                0x000029b0                vTaskDelayUntil
 *fill*         0x00002a12        0xe 
 .text.xTaskGetTickCount
                0x00002a20       0x34 build/obj/tasks.o
                0x00002a20                xTaskGetTickCount
 *fill*         0x00002a54        0xc 
 .text.pxPortInitialiseStack
                0x00002a60      0x122 build/obj/port.o
                0x00002a60                pxPortInitialiseStack
 *fill*         0x00002b82        0xe 
 .text.xPortStartScheduler
                0x00002b90       0x1e build/obj/port.o
                0x00002b90                xPortStartScheduler
 *fill*         0x00002bae        0x2 
 .text.vector59
                0x00002bb0       0x1a build/obj/port.o
                0x00002bb0                vector59
 *fill*         0x00002bca        0x6 
 .text.prvInsertBlockIntoFreeList
                0x00002bd0       0x62 build/obj/heap_4.o
 *fill*         0x00002c32        0xe 
 .text.pvPortMalloc
                0x00002c40      0x142 build/obj/heap_4.o
                0x00002c40                pvPortMalloc
 *fill*         0x00002d82        0xe 
 .text.vPortFree
                0x00002d90       0x6c build/obj/heap_4.o
                0x00002d90                vPortFree
 *fill*         0x00002dfc        0x4 
 .text.pal_init
                0x00002e00       0xc8 build/obj/pal.o
                0x00002e00                pal_init
 *fill*         0x00002ec8        0x8 
 .text.clockInit
                0x00002ed0       0x34 build/obj/clock.o
                0x00002ed0                clockInit
 *fill*         0x00002f04        0xc 
 .text.spc_clock_init
                0x00002f10      0x1d6 build/obj/clock.o
                0x00002f10                spc_clock_init
 *fill*         0x000030e6        0xa 
 .text.__early_init
                0x000030f0        0x4 build/obj/clock.o
                0x000030f0                __early_init
 *fill*         0x000030f4        0xc 
 .text.SPCSetPeripheralClockMode
                0x00003100       0x42 build/obj/clock.o
                0x00003100                SPCSetPeripheralClockMode
 *fill*         0x00003142        0xe 
 .text.SPCGetSystemClock
                0x00003150       0x2c build/obj/clock.o
                0x00003150                SPCGetSystemClock
 *fill*         0x0000317c        0x4 
 .text.SPCGetPeripheralClock
                0x00003180       0x36 build/obj/clock.o
                0x00003180                SPCGetPeripheralClock
 *fill*         0x000031b6        0xa 
 .text.irqInit  0x000031c0       0x2a build/obj/irq.o
                0x000031c0                irqInit
 *fill*         0x000031ea        0x6 
 .text.irqSysHalt
                0x000031f0        0x8 build/obj/irq.o
                0x000031f0                irqSysHalt
 *fill*         0x000031f8        0x8 
 .text.vector41
                0x00003200       0xac build/obj/eirq.o
                0x00003200                vector41
 *fill*         0x000032ac        0x4 
 .text.vector42
                0x000032b0       0xac build/obj/eirq.o
                0x000032b0                vector42
 *fill*         0x0000335c        0x4 
 .text.vector43
                0x00003360       0xac build/obj/eirq.o
                0x00003360                vector43
 *fill*         0x0000340c        0x4 
 .text.eirqInit
                0x00003410       0xf0 build/obj/eirq.o
                0x00003410                eirqInit
 .text.osalSysTimeSetup
                0x00003500        0xc build/obj/osal.o
                0x00003500                osalSysTimeSetup
 *fill*         0x0000350c        0x4 
 .text.osalSysTimeReset
                0x00003510        0x4 build/obj/osal.o
                0x00003510                osalSysTimeReset
 *fill*         0x00003514        0xc 
 .text.osalInit
                0x00003520        0x2 build/obj/osal.o
                0x00003520                osalInit
 *fill*         0x00003522        0xe 
 .text.osalEnterCriticalFromISR
                0x00003530        0x2 build/obj/osal.o
                0x00003530                osalEnterCriticalFromISR
 *fill*         0x00003532        0xe 
 .text.osalExitCriticalFromISR
                0x00003540        0x2 build/obj/osal.o
                0x00003540                osalExitCriticalFromISR
 *fill*         0x00003542        0xe 
 .text.sysTimeSetup
                0x00003550       0x52 build/obj/systimer.o
                0x00003550                sysTimeSetup
 *fill*         0x000035a2        0xe 
 .text.sysTimeReset
                0x000035b0       0x16 build/obj/systimer.o
                0x000035b0                sysTimeReset
 *fill*         0x000035c6        0xa 
 .text.boardInit
                0x000035d0        0xc build/obj/board.o
                0x000035d0                boardInit
 *fill*         0x000035dc        0x4 
 .text.irq_cfg_init
                0x000035e0        0x2 build/obj/irq_cfg.o
                0x000035e0                irq_cfg_init
 *fill*         0x000035e2        0xe 
 .text.vTaskOne
                0x000035f0       0x58 build/obj/main.o
                0x000035f0                vTaskOne
 *fill*         0x00003648        0x8 
 .text.vTaskTwo
                0x00003650       0x58 build/obj/main.o
                0x00003650                vTaskTwo
 *fill*         0x000036a8        0x8 
 .text.startup.main
                0x000036b0       0x6c build/obj/main.o
                0x000036b0                main
 *fill*         0x0000371c        0x4 
 .text.componentsInit
                0x00003720       0x26 build/obj/components.o
                0x00003720                componentsInit
 *(.gnu.linkonce.t.*)

.glink          0x00003746        0x0
 .glink         0x00003746        0x0 build/obj/boot.o

.rodata         0x00003750       0xe0
 *(.glue_7t)
 *(.glue_7)
 *(.gcc*)
 *(.rodata)
 *(.rodata.*)
 .rodata.g0     0x00003750       0x10 build/obj/spc5_edma.o
 .rodata.default_config
                0x00003760       0x18 build/obj/serial_lld.o
 *fill*         0x00003778        0x8 
 .rodata.str1.4
                0x00003780        0x5 build/obj/tasks.o
 *fill*         0x00003785        0xb 
 .rodata.spc_siu_init
                0x00003790       0x28 build/obj/board.o
 *fill*         0x000037b8        0x8 
 .rodata.pal_default_config
                0x000037c0        0xc build/obj/board.o
 *fill*         0x000037cc        0x4 
 .rodata.spc_padsels_init
                0x000037d0       0x40 build/obj/board.o
 .rodata.eirqconf
                0x00003810        0x8 build/obj/eirq_cfg.o
                0x00003810                eirqconf
 *fill*         0x00003818        0x8 
 .rodata.str1.4
                0x00003820       0x10 build/obj/main.o
 *(.rodata1)

.sdata2         0x00003830        0x0
                0x0000b830                __sdata2_start__ = (. + 0x8000)
 *(.sdata2)
 .sdata2        0x00003830        0x0 build/obj/boot.o
 *(.sdata2.*)
 *(.gnu.linkonce.s2.*)
 *(.sbss2)
 *(.sbss2.*)
 *(.gnu.linkonce.sb2.*)

.eh_frame_hdr
 *(.eh_frame_hdr)

.eh_frame       0x00003830        0x0
 *(.eh_frame)
 .eh_frame      0x00003830        0x0 build/obj/boot.o

.rela.dyn       0x00003830        0x0
 .rela.iplt     0x00003830        0x0 build/obj/boot.o
 .rela.vectors  0x00003830        0x0 build/obj/boot.o
 .rela.text.vector152
                0x00003830        0x0 build/obj/boot.o
 .rela.text.sd_lld_init
                0x00003830        0x0 build/obj/boot.o
 .rela.text.pxPortInitialiseStack
                0x00003830        0x0 build/obj/boot.o
 .rela.text.manage_eirq_interrupt
                0x00003830        0x0 build/obj/boot.o
 .rela.text.vector41
                0x00003830        0x0 build/obj/boot.o
 .rela.text.vector42
                0x00003830        0x0 build/obj/boot.o
 .rela.text.vector43
                0x00003830        0x0 build/obj/boot.o
 .rela.text.eirqInit
                0x00003830        0x0 build/obj/boot.o

.romdata        0x00003830        0x0
                0x00003830                __romdata_start__ = .

.stacks         0x40000000     0x2000
                0x40000000                . = ALIGN (0x8)
                0x40000000                __irq_stack_base__ = .
                0x40000000                . = (. + __irq_stack_size__)
                0x40000000                . = ALIGN (0x8)
                0x40000000                __irq_stack_end__ = .
                0x40000000                __process_stack_base__ = .
                0x40000000                __main_thread_stack_base__ = .
                0x40002000                . = (. + __process_stack_size__)
 *fill*         0x40000000     0x2000 
                0x40002000                . = ALIGN (0x8)
                0x40002000                __process_stack_end__ = .
                0x40002000                __main_thread_stack_end__ = .

.data           0x40002000       0x17 load address 0x00003830
                0x40002000                . = ALIGN (0x4)
                0x40002000                __data_start__ = .
 *(.data)
 *(.data.*)
 .data.message_task1
                0x40002000        0xb build/obj/main.o
                0x40002000                message_task1
 *fill*         0x4000200b        0x1 
 .data.message_task2
                0x4000200c        0xb build/obj/main.o
                0x4000200c                message_task2
 *(.gnu.linkonce.d.*)

.sdata          0x40002017        0x1 load address 0x00003847
                0x40002018                . = ALIGN (0x4)
 *fill*         0x40002017        0x1 
                0x4000a018                __sdata_start__ = (. + 0x8000)
 *(.sdata)
 .sdata         0x40002018        0x0 build/obj/boot.o
                0x4000a018                _SDA_BASE_
 *(.sdata.*)
 *(.gnu.linkonce.s.*)
                0x40002018                __data_end__ = .

.sbss           0x40002018        0x0
                0x40002018                __bss_start__ = .
 *(.sbss)
 *(.sbss.*)
 *(.gnu.linkonce.sb.*)
 *(.scommon)

.bss            0x40002018     0x21a0 load address 0x00003848
 *(.bss)
 *(.bss.*)
 .bss.channels  0x40002018       0x40 build/obj/spc5_edma.o
 .bss.CAND1     0x40002058        0x8 build/obj/can_lld.o
                0x40002058                CAND1
 .bss.emios1_active_ch_group
                0x40002060        0x4 build/obj/spc5_emios.o
 .bss.emios0_active_ch_group
                0x40002064        0x4 build/obj/spc5_emios.o
 .bss.PWMD1     0x40002068       0x10 build/obj/pwm_lld.o
                0x40002068                PWMD1
 .bss.SD1       0x40002078       0x20 build/obj/serial_lld.o
                0x40002078                SD1
 .bss.SPID1     0x40002098       0x18 build/obj/spi_lld.o
                0x40002098                SPID1
 .bss.LinflexD1
                0x400020b0       0x10 build/obj/spc5_linflex.o
                0x400020b0                LinflexD1
 .bss.linflex_initialization
                0x400020c0        0x1 build/obj/spc5_linflex.o
 *fill*         0x400020c1        0x3 
 .bss.pxDelayedTaskList
                0x400020c4        0x4 build/obj/tasks.o
 .bss.xNumOfOverflows
                0x400020c8        0x4 build/obj/tasks.o
 .bss.uxPendedTicks
                0x400020cc        0x4 build/obj/tasks.o
 .bss.pxReadyTasksLists
                0x400020d0       0x50 build/obj/tasks.o
 .bss.uxSchedulerSuspended
                0x40002120        0x4 build/obj/tasks.o
 .bss.uxCurrentNumberOfTasks
                0x40002124        0x4 build/obj/tasks.o
 .bss.pxCurrentTCB
                0x40002128        0x4 build/obj/tasks.o
                0x40002128                pxCurrentTCB
 .bss.xNextTaskUnblockTime
                0x4000212c        0x4 build/obj/tasks.o
 .bss.xDelayedTaskList1
                0x40002130       0x14 build/obj/tasks.o
 .bss.xTickCount
                0x40002144        0x4 build/obj/tasks.o
 .bss.pxOverflowDelayedTaskList
                0x40002148        0x4 build/obj/tasks.o
 .bss.xPendingReadyList
                0x4000214c       0x14 build/obj/tasks.o
 .bss.uxTaskNumber
                0x40002160        0x4 build/obj/tasks.o
 .bss.xSchedulerRunning
                0x40002164        0x4 build/obj/tasks.o
 .bss.xDelayedTaskList2
                0x40002168       0x14 build/obj/tasks.o
 .bss.xIdleTaskHandle
                0x4000217c        0x4 build/obj/tasks.o
 .bss.xSuspendedTaskList
                0x40002180       0x14 build/obj/tasks.o
 .bss.uxTopReadyPriority
                0x40002194        0x4 build/obj/tasks.o
 .bss.xYieldPending
                0x40002198        0x4 build/obj/tasks.o
 .bss.xFreeBytesRemaining
                0x4000219c        0x4 build/obj/heap_4.o
 .bss.pxEnd     0x400021a0        0x4 build/obj/heap_4.o
 .bss.xStart    0x400021a4        0x8 build/obj/heap_4.o
 .bss.ucHeap    0x400021ac     0x2000 build/obj/heap_4.o
 .bss.xBlockAllocatedBit
                0x400041ac        0x4 build/obj/heap_4.o
 .bss.xMinimumEverFreeBytesRemaining
                0x400041b0        0x4 build/obj/heap_4.o
 .bss.osal_ticks_per_sec
                0x400041b4        0x4 build/obj/osal.o
 *(.gnu.linkonce.b.*)
 *(COMMON)
                0x400041b8                __bss_end__ = .
                0x400041b8                __heap_base__ = __bss_end__
                0x40010000                __heap_end__ = __ram_end__
LOAD c:/spc5studio/eclipse/plugins/com.st.tools.spc5.tools.gnu.gcc.ppcvle.win32_4.9.4.201809141314/toolchain/bin/../lib/gcc/powerpc-eabivle/4.9.4\libgcc.a
LOAD c:/spc5studio/eclipse/plugins/com.st.tools.spc5.tools.gnu.gcc.ppcvle.win32_4.9.4.201809141314/toolchain/bin/../lib/gcc/powerpc-eabivle/4.9.4/../../../../powerpc-eabivle/lib\libc.a
LOAD c:/spc5studio/eclipse/plugins/com.st.tools.spc5.tools.gnu.gcc.ppcvle.win32_4.9.4.201809141314/toolchain/bin/../lib/gcc/powerpc-eabivle/4.9.4\libgcc.a
OUTPUT(build/out.elf elf32-powerpc)

.iplt           0x400041c0        0x0 load address 0x000059f0
 .iplt          0x400041c0        0x0 build/obj/boot.o

.PPC.EMB.apuinfo
                0x00000000       0x1c
 .PPC.EMB.apuinfo
                0x00000000       0x18 build/obj/boot.o
 .PPC.EMB.apuinfo
                0x00000018       0x18 build/obj/crt0.o
 .PPC.EMB.apuinfo
                0x00000030       0x18 build/obj/portasm.o
 .PPC.EMB.apuinfo
                0x00000048       0x18 build/obj/vectors.o
 .PPC.EMB.apuinfo
                0x00000060       0x18 build/obj/spc5_lld.o
 .PPC.EMB.apuinfo
                0x00000078       0x18 build/obj/spc5_edma.o
 .PPC.EMB.apuinfo
                0x00000090       0x1c build/obj/can_lld.o
 .PPC.EMB.apuinfo
                0x000000ac       0x18 build/obj/spc5_emios.o
 .PPC.EMB.apuinfo
                0x000000c4       0x18 build/obj/pwm_lld.o
 .PPC.EMB.apuinfo
                0x000000dc       0x18 build/obj/serial_lld.o
 .PPC.EMB.apuinfo
                0x000000f4       0x18 build/obj/spi_lld.o
 .PPC.EMB.apuinfo
                0x0000010c       0x18 build/obj/spc5_linflex.o
 .PPC.EMB.apuinfo
                0x00000124       0x18 build/obj/list.o
 .PPC.EMB.apuinfo
                0x0000013c       0x1c build/obj/event_groups.o
 .PPC.EMB.apuinfo
                0x00000158       0x1c build/obj/queue.o
 .PPC.EMB.apuinfo
                0x00000174       0x1c build/obj/stream_buffer.o
 .PPC.EMB.apuinfo
                0x00000190       0x1c build/obj/tasks.o
 .PPC.EMB.apuinfo
                0x000001ac       0x18 build/obj/port.o
 .PPC.EMB.apuinfo
                0x000001c4       0x18 build/obj/heap_4.o
 .PPC.EMB.apuinfo
                0x000001dc       0x18 build/obj/pal.o
 .PPC.EMB.apuinfo
                0x000001f4       0x1c build/obj/clock.o
 .PPC.EMB.apuinfo
                0x00000210       0x18 build/obj/irq.o
 .PPC.EMB.apuinfo
                0x00000228       0x18 build/obj/eirq.o
 .PPC.EMB.apuinfo
                0x00000240       0x18 build/obj/osal.o
 .PPC.EMB.apuinfo
                0x00000258       0x18 build/obj/systimer.o
 .PPC.EMB.apuinfo
                0x00000270       0x18 build/obj/board.o
 .PPC.EMB.apuinfo
                0x00000288       0x18 build/obj/irq_cfg.o
 .PPC.EMB.apuinfo
                0x000002a0       0x18 build/obj/main.o
 .PPC.EMB.apuinfo
                0x000002b8       0x18 build/obj/components.o
 .PPC.EMB.apuinfo
                0x000002d0       0x18 c:/spc5studio/eclipse/plugins/com.st.tools.spc5.tools.gnu.gcc.ppcvle.win32_4.9.4.201809141314/toolchain/bin/../lib/gcc/powerpc-eabivle/4.9.4/../../../../powerpc-eabivle/lib\libc.a(lib_a-memcpy.o)

.comment        0x00000000       0x8e
 .comment       0x00000000       0x8e build/obj/spc5_lld.o
                                 0x8f (size before relaxing)
 .comment       0x0000008e       0x8f build/obj/spc5_edma.o
 .comment       0x0000008e       0x8f build/obj/can_lld.o
 .comment       0x0000008e       0x8f build/obj/spc5_emios.o
 .comment       0x0000008e       0x8f build/obj/pwm_lld.o
 .comment       0x0000008e       0x8f build/obj/serial_lld.o
 .comment       0x0000008e       0x8f build/obj/spi_lld.o
 .comment       0x0000008e       0x8f build/obj/spc5_linflex.o
 .comment       0x0000008e       0x8f build/obj/list.o
 .comment       0x0000008e       0x8f build/obj/event_groups.o
 .comment       0x0000008e       0x8f build/obj/queue.o
 .comment       0x0000008e       0x8f build/obj/stream_buffer.o
 .comment       0x0000008e       0x8f build/obj/tasks.o
 .comment       0x0000008e       0x8f build/obj/port.o
 .comment       0x0000008e       0x8f build/obj/heap_4.o
 .comment       0x0000008e       0x8f build/obj/pal.o
 .comment       0x0000008e       0x8f build/obj/clock.o
 .comment       0x0000008e       0x8f build/obj/irq.o
 .comment       0x0000008e       0x8f build/obj/eirq.o
 .comment       0x0000008e       0x8f build/obj/osal.o
 .comment       0x0000008e       0x8f build/obj/systimer.o
 .comment       0x0000008e       0x8f build/obj/board.o
 .comment       0x0000008e       0x8f build/obj/irq_cfg.o
 .comment       0x0000008e       0x8f build/obj/eirq_cfg.o
 .comment       0x0000008e       0x8f build/obj/main.o
 .comment       0x0000008e       0x8f build/obj/components.o

.debug_info     0x00000000    0x1ca49
 .debug_info    0x00000000       0xfe build/obj/spc5_lld.o
 .debug_info    0x000000fe     0x26e7 build/obj/spc5_edma.o
 .debug_info    0x000027e5     0x1c24 build/obj/can_lld.o
 .debug_info    0x00004409      0xfd8 build/obj/spc5_emios.o
 .debug_info    0x000053e1     0x1501 build/obj/pwm_lld.o
 .debug_info    0x000068e2     0x166e build/obj/serial_lld.o
 .debug_info    0x00007f50     0x4949 build/obj/spi_lld.o
 .debug_info    0x0000c899      0x1aa build/obj/spc5_linflex.o
 .debug_info    0x0000ca43      0x2b9 build/obj/list.o
 .debug_info    0x0000ccfc      0x9cb build/obj/event_groups.o
 .debug_info    0x0000d6c7     0x1a16 build/obj/queue.o
 .debug_info    0x0000f0dd     0x13fd build/obj/stream_buffer.o
 .debug_info    0x000104da     0x208e build/obj/tasks.o
 .debug_info    0x00012568      0x28a build/obj/port.o
 .debug_info    0x000127f2      0x3a4 build/obj/heap_4.o
 .debug_info    0x00012b96     0x154f build/obj/pal.o
 .debug_info    0x000140e5     0x3e01 build/obj/clock.o
 .debug_info    0x00017ee6      0x120 build/obj/irq.o
 .debug_info    0x00018006     0x165a build/obj/eirq.o
 .debug_info    0x00019660      0x47d build/obj/osal.o
 .debug_info    0x00019add      0x370 build/obj/systimer.o
 .debug_info    0x00019e4d      0x217 build/obj/board.o
 .debug_info    0x0001a064       0x8c build/obj/irq_cfg.o
 .debug_info    0x0001a0f0      0x12b build/obj/eirq_cfg.o
 .debug_info    0x0001a21b     0x2721 build/obj/main.o
 .debug_info    0x0001c93c      0x10d build/obj/components.o

.debug_abbrev   0x00000000     0x3653
 .debug_abbrev  0x00000000       0x70 build/obj/spc5_lld.o
 .debug_abbrev  0x00000070      0x303 build/obj/spc5_edma.o
 .debug_abbrev  0x00000373      0x3ab build/obj/can_lld.o
 .debug_abbrev  0x0000071e      0x261 build/obj/spc5_emios.o
 .debug_abbrev  0x0000097f      0x2de build/obj/pwm_lld.o
 .debug_abbrev  0x00000c5d      0x365 build/obj/serial_lld.o
 .debug_abbrev  0x00000fc2      0x40e build/obj/spi_lld.o
 .debug_abbrev  0x000013d0       0xdf build/obj/spc5_linflex.o
 .debug_abbrev  0x000014af       0xe5 build/obj/list.o
 .debug_abbrev  0x00001594      0x2a7 build/obj/event_groups.o
 .debug_abbrev  0x0000183b      0x3b9 build/obj/queue.o
 .debug_abbrev  0x00001bf4      0x364 build/obj/stream_buffer.o
 .debug_abbrev  0x00001f58      0x410 build/obj/tasks.o
 .debug_abbrev  0x00002368      0x1e9 build/obj/port.o
 .debug_abbrev  0x00002551      0x221 build/obj/heap_4.o
 .debug_abbrev  0x00002772      0x1a2 build/obj/pal.o
 .debug_abbrev  0x00002914      0x2a1 build/obj/clock.o
 .debug_abbrev  0x00002bb5       0xca build/obj/irq.o
 .debug_abbrev  0x00002c7f      0x20e build/obj/eirq.o
 .debug_abbrev  0x00002e8d      0x1af build/obj/osal.o
 .debug_abbrev  0x0000303c      0x194 build/obj/systimer.o
 .debug_abbrev  0x000031d0       0xd4 build/obj/board.o
 .debug_abbrev  0x000032a4       0x44 build/obj/irq_cfg.o
 .debug_abbrev  0x000032e8       0x89 build/obj/eirq_cfg.o
 .debug_abbrev  0x00003371      0x261 build/obj/main.o
 .debug_abbrev  0x000035d2       0x81 build/obj/components.o

.debug_loc      0x00000000     0x9d88
 .debug_loc     0x00000000       0x2c build/obj/spc5_lld.o
 .debug_loc     0x0000002c      0x53d build/obj/spc5_edma.o
 .debug_loc     0x00000569      0x9a9 build/obj/can_lld.o
 .debug_loc     0x00000f12      0x122 build/obj/spc5_emios.o
 .debug_loc     0x00001034      0x7a1 build/obj/pwm_lld.o
 .debug_loc     0x000017d5      0x50c build/obj/serial_lld.o
 .debug_loc     0x00001ce1      0xac3 build/obj/spi_lld.o
 .debug_loc     0x000027a4       0x58 build/obj/list.o
 .debug_loc     0x000027fc      0xea9 build/obj/event_groups.o
 .debug_loc     0x000036a5     0x1c67 build/obj/queue.o
 .debug_loc     0x0000530c     0x1c0b build/obj/stream_buffer.o
 .debug_loc     0x00006f17     0x22dd build/obj/tasks.o
 .debug_loc     0x000091f4      0x162 build/obj/port.o
 .debug_loc     0x00009356      0x2ad build/obj/heap_4.o
 .debug_loc     0x00009603       0xbe build/obj/pal.o
 .debug_loc     0x000096c1      0x12a build/obj/clock.o
 .debug_loc     0x000097eb       0x2c build/obj/irq.o
 .debug_loc     0x00009817      0x2fe build/obj/eirq.o
 .debug_loc     0x00009b15      0x141 build/obj/osal.o
 .debug_loc     0x00009c56       0x58 build/obj/systimer.o
 .debug_loc     0x00009cae       0xae build/obj/main.o
 .debug_loc     0x00009d5c       0x2c build/obj/components.o

.debug_aranges  0x00000000      0xa00
 .debug_aranges
                0x00000000       0x20 build/obj/spc5_lld.o
 .debug_aranges
                0x00000020       0xb8 build/obj/spc5_edma.o
 .debug_aranges
                0x000000d8       0x98 build/obj/can_lld.o
 .debug_aranges
                0x00000170       0x80 build/obj/spc5_emios.o
 .debug_aranges
                0x000001f0       0x58 build/obj/pwm_lld.o
 .debug_aranges
                0x00000248       0x58 build/obj/serial_lld.o
 .debug_aranges
                0x000002a0       0xc0 build/obj/spi_lld.o
 .debug_aranges
                0x00000360       0x38 build/obj/spc5_linflex.o
 .debug_aranges
                0x00000398       0x40 build/obj/list.o
 .debug_aranges
                0x000003d8       0x60 build/obj/event_groups.o
 .debug_aranges
                0x00000438       0xd0 build/obj/queue.o
 .debug_aranges
                0x00000508       0xa8 build/obj/stream_buffer.o
 .debug_aranges
                0x000005b0      0x198 build/obj/tasks.o
 .debug_aranges
                0x00000748       0x48 build/obj/port.o
 .debug_aranges
                0x00000790       0x48 build/obj/heap_4.o
 .debug_aranges
                0x000007d8       0x20 build/obj/pal.o
 .debug_aranges
                0x000007f8       0x50 build/obj/clock.o
 .debug_aranges
                0x00000848       0x28 build/obj/irq.o
 .debug_aranges
                0x00000870       0x40 build/obj/eirq.o
 .debug_aranges
                0x000008b0       0x80 build/obj/osal.o
 .debug_aranges
                0x00000930       0x28 build/obj/systimer.o
 .debug_aranges
                0x00000958       0x20 build/obj/board.o
 .debug_aranges
                0x00000978       0x20 build/obj/irq_cfg.o
 .debug_aranges
                0x00000998       0x18 build/obj/eirq_cfg.o
 .debug_aranges
                0x000009b0       0x30 build/obj/main.o
 .debug_aranges
                0x000009e0       0x20 build/obj/components.o

.debug_ranges   0x00000000     0x13c8
 .debug_ranges  0x00000000       0x10 build/obj/spc5_lld.o
 .debug_ranges  0x00000010       0xc8 build/obj/spc5_edma.o
 .debug_ranges  0x000000d8       0xb8 build/obj/can_lld.o
 .debug_ranges  0x00000190       0x70 build/obj/spc5_emios.o
 .debug_ranges  0x00000200       0x60 build/obj/pwm_lld.o
 .debug_ranges  0x00000260       0xd8 build/obj/serial_lld.o
 .debug_ranges  0x00000338      0x1c8 build/obj/spi_lld.o
 .debug_ranges  0x00000500       0x28 build/obj/spc5_linflex.o
 .debug_ranges  0x00000528       0x30 build/obj/list.o
 .debug_ranges  0x00000558       0xc8 build/obj/event_groups.o
 .debug_ranges  0x00000620      0x2d8 build/obj/queue.o
 .debug_ranges  0x000008f8      0x1a8 build/obj/stream_buffer.o
 .debug_ranges  0x00000aa0      0x5a0 build/obj/tasks.o
 .debug_ranges  0x00001040       0x50 build/obj/port.o
 .debug_ranges  0x00001090       0x38 build/obj/heap_4.o
 .debug_ranges  0x000010c8       0x28 build/obj/pal.o
 .debug_ranges  0x000010f0       0xc0 build/obj/clock.o
 .debug_ranges  0x000011b0       0x18 build/obj/irq.o
 .debug_ranges  0x000011c8       0x90 build/obj/eirq.o
 .debug_ranges  0x00001258      0x108 build/obj/osal.o
 .debug_ranges  0x00001360       0x18 build/obj/systimer.o
 .debug_ranges  0x00001378       0x10 build/obj/board.o
 .debug_ranges  0x00001388       0x10 build/obj/irq_cfg.o
 .debug_ranges  0x00001398       0x20 build/obj/main.o
 .debug_ranges  0x000013b8       0x10 build/obj/components.o

.debug_line     0x00000000     0x67d7
 .debug_line    0x00000000      0x10e build/obj/spc5_lld.o
 .debug_line    0x0000010e      0x5b5 build/obj/spc5_edma.o
 .debug_line    0x000006c3      0x5c0 build/obj/can_lld.o
 .debug_line    0x00000c83      0x38a build/obj/spc5_emios.o
 .debug_line    0x0000100d      0x46c build/obj/pwm_lld.o
 .debug_line    0x00001479      0x489 build/obj/serial_lld.o
 .debug_line    0x00001902      0x723 build/obj/spi_lld.o
 .debug_line    0x00002025      0x23a build/obj/spc5_linflex.o
 .debug_line    0x0000225f      0x18e build/obj/list.o
 .debug_line    0x000023ed      0x471 build/obj/event_groups.o
 .debug_line    0x0000285e      0x897 build/obj/queue.o
 .debug_line    0x000030f5      0x6c3 build/obj/stream_buffer.o
 .debug_line    0x000037b8      0xdc4 build/obj/tasks.o
 .debug_line    0x0000457c      0x338 build/obj/port.o
 .debug_line    0x000048b4      0x3a6 build/obj/heap_4.o
 .debug_line    0x00004c5a      0x2b2 build/obj/pal.o
 .debug_line    0x00004f0c      0x3aa build/obj/clock.o
 .debug_line    0x000052b6      0x23d build/obj/irq.o
 .debug_line    0x000054f3      0x3a6 build/obj/eirq.o
 .debug_line    0x00005899      0x39b build/obj/osal.o
 .debug_line    0x00005c34      0x24e build/obj/systimer.o
 .debug_line    0x00005e82      0x1ef build/obj/board.o
 .debug_line    0x00006071       0x66 build/obj/irq_cfg.o
 .debug_line    0x000060d7      0x1bf build/obj/eirq_cfg.o
 .debug_line    0x00006296      0x38d build/obj/main.o
 .debug_line    0x00006623      0x1b4 build/obj/components.o

.debug_str      0x00000000     0x579b
 .debug_str     0x00000000      0x28f build/obj/spc5_lld.o
                                0x2c8 (size before relaxing)
 .debug_str     0x0000028f      0xad2 build/obj/spc5_edma.o
                                0xd38 (size before relaxing)
 .debug_str     0x00000d61      0x7f2 build/obj/can_lld.o
                                0xabb (size before relaxing)
 .debug_str     0x00001553      0x464 build/obj/spc5_emios.o
                                0x74b (size before relaxing)
 .debug_str     0x000019b7      0x20a build/obj/pwm_lld.o
                                0x839 (size before relaxing)
 .debug_str     0x00001bc1      0x5aa build/obj/serial_lld.o
                                0x88c (size before relaxing)
 .debug_str     0x0000216b      0xa41 build/obj/spi_lld.o
                               0x16ec (size before relaxing)
 .debug_str     0x00002bac       0x80 build/obj/spc5_linflex.o
                                0x35e (size before relaxing)
 .debug_str     0x00002c2c      0x163 build/obj/list.o
                                0x3ad (size before relaxing)
 .debug_str     0x00002d8f      0x369 build/obj/event_groups.o
                                0x6a9 (size before relaxing)
 .debug_str     0x000030f8      0x66a build/obj/queue.o
                                0xa3d (size before relaxing)
 .debug_str     0x00003762      0x516 build/obj/stream_buffer.o
                                0x8dd (size before relaxing)
 .debug_str     0x00003c78      0x83d build/obj/tasks.o
                                0xf04 (size before relaxing)
 .debug_str     0x000044b5       0xbb build/obj/port.o
                                0x39b (size before relaxing)
 .debug_str     0x00004570      0x1d1 build/obj/heap_4.o
                                0x475 (size before relaxing)
 .debug_str     0x00004741       0xc3 build/obj/pal.o
                                0x901 (size before relaxing)
 .debug_str     0x00004804      0xac2 build/obj/clock.o
                                0xdcf (size before relaxing)
 .debug_str     0x000052c6       0x5b build/obj/irq.o
                                0x2c5 (size before relaxing)
 .debug_str     0x00005321       0xfe build/obj/eirq.o
                                0x939 (size before relaxing)
 .debug_str     0x0000541f      0x18f build/obj/osal.o
                                0x4aa (size before relaxing)
 .debug_str     0x000055ae       0x70 build/obj/systimer.o
                                0x364 (size before relaxing)
 .debug_str     0x0000561e       0x81 build/obj/board.o
                                0x363 (size before relaxing)
 .debug_str     0x0000569f       0x37 build/obj/irq_cfg.o
                                0x275 (size before relaxing)
 .debug_str     0x000056d6       0x38 build/obj/eirq_cfg.o
                                0x2e7 (size before relaxing)
 .debug_str     0x0000570e       0x73 build/obj/main.o
                                0xd1f (size before relaxing)
 .debug_str     0x00005781       0x1a build/obj/components.o
                                0x253 (size before relaxing)

.debug_frame    0x00000000     0x2394
 .debug_frame   0x00000000       0x30 build/obj/spc5_lld.o
 .debug_frame   0x00000030      0x374 build/obj/spc5_edma.o
 .debug_frame   0x000003a4      0x1e4 build/obj/can_lld.o
 .debug_frame   0x00000588      0x130 build/obj/spc5_emios.o
 .debug_frame   0x000006b8      0x168 build/obj/pwm_lld.o
 .debug_frame   0x00000820       0xfc build/obj/serial_lld.o
 .debug_frame   0x0000091c      0x288 build/obj/spi_lld.o
 .debug_frame   0x00000ba4       0x50 build/obj/spc5_linflex.o
 .debug_frame   0x00000bf4       0x60 build/obj/list.o
 .debug_frame   0x00000c54      0x1b0 build/obj/event_groups.o
 .debug_frame   0x00000e04      0x4ac build/obj/queue.o
 .debug_frame   0x000012b0      0x360 build/obj/stream_buffer.o
 .debug_frame   0x00001610      0x798 build/obj/tasks.o
 .debug_frame   0x00001da8       0x90 build/obj/port.o
 .debug_frame   0x00001e38       0xb8 build/obj/heap_4.o
 .debug_frame   0x00001ef0       0x34 build/obj/pal.o
 .debug_frame   0x00001f24       0x94 build/obj/clock.o
 .debug_frame   0x00001fb8       0x40 build/obj/irq.o
 .debug_frame   0x00001ff8      0x138 build/obj/eirq.o
 .debug_frame   0x00002130      0x110 build/obj/osal.o
 .debug_frame   0x00002240       0x44 build/obj/systimer.o
 .debug_frame   0x00002284       0x20 build/obj/board.o
 .debug_frame   0x000022a4       0x20 build/obj/irq_cfg.o
 .debug_frame   0x000022c4       0x80 build/obj/main.o
 .debug_frame   0x00002344       0x30 build/obj/components.o
 .debug_frame   0x00002374       0x20 c:/spc5studio/eclipse/plugins/com.st.tools.spc5.tools.gnu.gcc.ppcvle.win32_4.9.4.201809141314/toolchain/bin/../lib/gcc/powerpc-eabivle/4.9.4/../../../../powerpc-eabivle/lib\libc.a(lib_a-memcpy.o)

Cross Reference Table

Symbol                                            File
CAND1                                             build/obj/can_lld.o
IVORS                                             build/obj/boot.o
LinflexD1                                         build/obj/spc5_linflex.o
                                                  build/obj/serial_lld.o
PWMD1                                             build/obj/pwm_lld.o
                                                  build/obj/spc5_emios.o
SD1                                               build/obj/serial_lld.o
                                                  build/obj/main.o
SPCGetPeripheralClock                             build/obj/clock.o
                                                  build/obj/systimer.o
SPCGetSystemClock                                 build/obj/clock.o
                                                  build/obj/serial_lld.o
SPCSetPeripheralClockMode                         build/obj/clock.o
                                                  build/obj/systimer.o
                                                  build/obj/pal.o
                                                  build/obj/spi_lld.o
                                                  build/obj/serial_lld.o
                                                  build/obj/spc5_emios.o
                                                  build/obj/can_lld.o
                                                  build/obj/spc5_edma.o
SPCSetRunMode                                     build/obj/clock.o
SPID1                                             build/obj/spi_lld.o
_IVOR0                                            build/obj/boot.o
_IVOR1                                            build/obj/boot.o
_IVOR10                                           build/obj/boot.o
_IVOR11                                           build/obj/boot.o
_IVOR12                                           build/obj/boot.o
_IVOR13                                           build/obj/boot.o
_IVOR14                                           build/obj/boot.o
_IVOR15                                           build/obj/boot.o
_IVOR2                                            build/obj/boot.o
_IVOR3                                            build/obj/boot.o
_IVOR4                                            build/obj/portasm.o
                                                  build/obj/boot.o
_IVOR5                                            build/obj/boot.o
_IVOR6                                            build/obj/boot.o
_IVOR7                                            build/obj/boot.o
_IVOR8                                            build/obj/portasm.o
                                                  build/obj/boot.o
_IVOR9                                            build/obj/boot.o
_SDA2_BASE_                                       build/obj/boot.o
_SDA_BASE_                                        build/obj/boot.o
__bss_end__                                       build/obj/crt0.o
__bss_start__                                     build/obj/crt0.o
__data_end__                                      build/obj/crt0.o
__data_start__                                    build/obj/crt0.o
__eabi                                            build/obj/crt0.o
                                                  build/obj/main.o
__early_init                                      build/obj/clock.o
                                                  build/obj/crt0.o
__ivpr_base__                                     build/obj/boot.o
__late_init                                       build/obj/crt0.o
__process_stack_end__                             build/obj/crt0.o
__ram_end__                                       build/obj/boot.o
__ram_start__                                     build/obj/boot.o
__romdata_start__                                 build/obj/crt0.o
__sdata2_start__                                  build/obj/port.o
                                                  build/obj/crt0.o
__sdata_start__                                   build/obj/crt0.o
_boot_address                                     build/obj/crt0.o
                                                  build/obj/boot.o
_main_exit_handler                                build/obj/crt0.o
_reset_address                                    build/obj/boot.o
_unhandled_exception                              build/obj/boot.o
_unhandled_irq                                    build/obj/vectors.o
_vectors                                          build/obj/vectors.o
                                                  build/obj/irq.o
boardInit                                         build/obj/board.o
                                                  build/obj/components.o
can_lld_init                                      build/obj/can_lld.o
                                                  build/obj/spc5_lld.o
can_lld_is_rx_nonempty                            build/obj/can_lld.o
can_lld_is_tx_empty                               build/obj/can_lld.o
can_lld_receive                                   build/obj/can_lld.o
can_lld_start                                     build/obj/can_lld.o
can_lld_stop                                      build/obj/can_lld.o
can_lld_transmit                                  build/obj/can_lld.o
clockInit                                         build/obj/clock.o
                                                  build/obj/components.o
componentsInit                                    build/obj/components.o
                                                  build/obj/main.o
decrease_emios0_active_ch_group                   build/obj/spc5_emios.o
                                                  build/obj/pwm_lld.o
decrease_emios1_active_ch_group                   build/obj/spc5_emios.o
edmaChannelAllocate                               build/obj/spc5_edma.o
                                                  build/obj/spi_lld.o
edmaChannelRelease                                build/obj/spc5_edma.o
                                                  build/obj/spi_lld.o
edmaInit                                          build/obj/spc5_edma.o
                                                  build/obj/spc5_lld.o
eirqInit                                          build/obj/eirq.o
                                                  build/obj/components.o
eirqconf                                          build/obj/eirq_cfg.o
                                                  build/obj/eirq.o
get_emios0_active_ch_group                        build/obj/spc5_emios.o
get_emios1_active_ch_group                        build/obj/spc5_emios.o
increase_emios0_active_ch_group                   build/obj/spc5_emios.o
                                                  build/obj/pwm_lld.o
increase_emios1_active_ch_group                   build/obj/spc5_emios.o
irqInit                                           build/obj/irq.o
                                                  build/obj/components.o
irqSysHalt                                        build/obj/irq.o
                                                  build/obj/clock.o
                                                  build/obj/spi_lld.o
                                                  build/obj/spc5_edma.o
irq_cfg_init                                      build/obj/irq_cfg.o
                                                  build/obj/irq.o
largememcpy                                       c:/spc5studio/eclipse/plugins/com.st.tools.spc5.tools.gnu.gcc.ppcvle.win32_4.9.4.201809141314/toolchain/bin/../lib/gcc/powerpc-eabivle/4.9.4/../../../../powerpc-eabivle/lib\libc.a(lib_a-memcpy.o)
linflex_lld_init                                  build/obj/spc5_linflex.o
                                                  build/obj/serial_lld.o
main                                              build/obj/main.o
                                                  build/obj/crt0.o
manage_eirq_interrupt                             build/obj/eirq.o
memcpy                                            c:/spc5studio/eclipse/plugins/com.st.tools.spc5.tools.gnu.gcc.ppcvle.win32_4.9.4.201809141314/toolchain/bin/../lib/gcc/powerpc-eabivle/4.9.4/../../../../powerpc-eabivle/lib\libc.a(lib_a-memcpy.o)
                                                  build/obj/stream_buffer.o
                                                  build/obj/queue.o
message_task1                                     build/obj/main.o
message_task2                                     build/obj/main.o
osalEnterCritical                                 build/obj/osal.o
                                                  build/obj/pwm_lld.o
                                                  build/obj/can_lld.o
osalEnterCriticalFromISR                          build/obj/osal.o
                                                  build/obj/eirq.o
osalExitCritical                                  build/obj/osal.o
                                                  build/obj/pwm_lld.o
                                                  build/obj/can_lld.o
osalExitCriticalFromISR                           build/obj/osal.o
                                                  build/obj/eirq.o
osalInit                                          build/obj/osal.o
                                                  build/obj/components.o
osalSysTimeReset                                  build/obj/osal.o
                                                  build/obj/port.o
osalSysTimeSetup                                  build/obj/osal.o
                                                  build/obj/port.o
osalThreadDelayMicroseconds                       build/obj/osal.o
osalThreadDelayMilliseconds                       build/obj/osal.o
osalThreadDelaySeconds                            build/obj/osal.o
osalThreadGetMicroseconds                         build/obj/osal.o
osalThreadGetMilliseconds                         build/obj/osal.o
osalThreadGetSeconds                              build/obj/osal.o
pal_init                                          build/obj/pal.o
                                                  build/obj/board.o
pcQueueGetName                                    build/obj/queue.o
pcTaskGetName                                     build/obj/tasks.o
prvPortTimerSetup                                 build/obj/port.o
pvPortMalloc                                      build/obj/heap_4.o
                                                  build/obj/tasks.o
                                                  build/obj/stream_buffer.o
                                                  build/obj/queue.o
                                                  build/obj/event_groups.o
pvTaskGetThreadLocalStoragePointer                build/obj/tasks.o
pvTaskIncrementMutexHeldCount                     build/obj/tasks.o
                                                  build/obj/queue.o
pwm_active_emios0_clock                           build/obj/spc5_emios.o
                                                  build/obj/pwm_lld.o
pwm_active_emios1_clock                           build/obj/spc5_emios.o
pwm_config_emios0                                 build/obj/pwm_lld_cfg.o
pwm_deactive_emios0_clock                         build/obj/spc5_emios.o
                                                  build/obj/pwm_lld.o
pwm_deactive_emios1_clock                         build/obj/spc5_emios.o
pwm_lld_change_period                             build/obj/pwm_lld.o
pwm_lld_disable_channel                           build/obj/pwm_lld.o
pwm_lld_enable_channel                            build/obj/pwm_lld.o
pwm_lld_init                                      build/obj/pwm_lld.o
                                                  build/obj/spc5_lld.o
pwm_lld_serve_channel_interrupt                   build/obj/pwm_lld.o
pwm_lld_serve_period_interrupt                    build/obj/pwm_lld.o
                                                  build/obj/spc5_emios.o
pwm_lld_start                                     build/obj/pwm_lld.o
pwm_lld_stop                                      build/obj/pwm_lld.o
pxCurrentTCB                                      build/obj/tasks.o
                                                  build/obj/portasm.o
pxPortInitialiseStack                             build/obj/port.o
                                                  build/obj/tasks.o
reset_emios0_active_ch_group                      build/obj/spc5_emios.o
                                                  build/obj/pwm_lld.o
reset_emios1_active_ch_group                      build/obj/spc5_emios.o
                                                  build/obj/pwm_lld.o
sd_lld_init                                       build/obj/serial_lld.o
                                                  build/obj/spc5_lld.o
sd_lld_read                                       build/obj/serial_lld.o
sd_lld_start                                      build/obj/serial_lld.o
                                                  build/obj/main.o
sd_lld_stop                                       build/obj/serial_lld.o
sd_lld_write                                      build/obj/serial_lld.o
                                                  build/obj/main.o
spc5LLDInit                                       build/obj/spc5_lld.o
                                                  build/obj/components.o
spc_clock_init                                    build/obj/clock.o
spi_lld_exchange                                  build/obj/spi_lld.o
spi_lld_ignore                                    build/obj/spi_lld.o
spi_lld_init                                      build/obj/spi_lld.o
                                                  build/obj/spc5_lld.o
spi_lld_polled_exchange                           build/obj/spi_lld.o
spi_lld_receive                                   build/obj/spi_lld.o
spi_lld_select                                    build/obj/spi_lld.o
spi_lld_send                                      build/obj/spi_lld.o
spi_lld_start                                     build/obj/spi_lld.o
spi_lld_stop                                      build/obj/spi_lld.o
spi_lld_unselect                                  build/obj/spi_lld.o
sysTimeReset                                      build/obj/systimer.o
                                                  build/obj/osal.o
sysTimeSetup                                      build/obj/systimer.o
                                                  build/obj/osal.o
ulTaskNotifyTake                                  build/obj/tasks.o
uxListRemove                                      build/obj/list.o
                                                  build/obj/tasks.o
uxQueueMessagesWaiting                            build/obj/queue.o
uxQueueMessagesWaitingFromISR                     build/obj/queue.o
uxQueueSpacesAvailable                            build/obj/queue.o
uxTaskGetNumberOfTasks                            build/obj/tasks.o
uxTaskPriorityGet                                 build/obj/tasks.o
uxTaskPriorityGetFromISR                          build/obj/tasks.o
uxTaskResetEventItemValue                         build/obj/tasks.o
                                                  build/obj/event_groups.o
vEventGroupClearBitsCallback                      build/obj/event_groups.o
vEventGroupDelete                                 build/obj/event_groups.o
vEventGroupSetBitsCallback                        build/obj/event_groups.o
vListInitialise                                   build/obj/list.o
                                                  build/obj/tasks.o
                                                  build/obj/queue.o
                                                  build/obj/event_groups.o
vListInitialiseItem                               build/obj/list.o
                                                  build/obj/tasks.o
vListInsert                                       build/obj/list.o
                                                  build/obj/tasks.o
vListInsertEnd                                    build/obj/list.o
                                                  build/obj/tasks.o
vPortEndScheduler                                 build/obj/port.o
                                                  build/obj/tasks.o
vPortFree                                         build/obj/heap_4.o
                                                  build/obj/tasks.o
                                                  build/obj/stream_buffer.o
                                                  build/obj/queue.o
                                                  build/obj/event_groups.o
vPortInitialiseBlocks                             build/obj/heap_4.o
vPortStartFirstTask                               build/obj/portasm.o
                                                  build/obj/port.o
vPortTimerReset                                   build/obj/port.o
vQueueAddToRegistry                               build/obj/queue.o
vQueueDelete                                      build/obj/queue.o
vQueueUnregisterQueue                             build/obj/queue.o
vStreamBufferDelete                               build/obj/stream_buffer.o
vTaskDelay                                        build/obj/tasks.o
                                                  build/obj/osal.o
vTaskDelayUntil                                   build/obj/tasks.o
                                                  build/obj/main.o
vTaskEndScheduler                                 build/obj/tasks.o
vTaskEnterCritical                                build/obj/tasks.o
                                                  build/obj/osal.o
                                                  build/obj/stream_buffer.o
                                                  build/obj/queue.o
                                                  build/obj/event_groups.o
vTaskExitCritical                                 build/obj/tasks.o
                                                  build/obj/osal.o
                                                  build/obj/stream_buffer.o
                                                  build/obj/queue.o
                                                  build/obj/event_groups.o
vTaskInternalSetTimeOutState                      build/obj/tasks.o
                                                  build/obj/queue.o
vTaskMissedYield                                  build/obj/tasks.o
                                                  build/obj/queue.o
vTaskNotifyGiveFromISR                            build/obj/tasks.o
vTaskOne                                          build/obj/main.o
vTaskPlaceOnEventList                             build/obj/tasks.o
                                                  build/obj/queue.o
vTaskPlaceOnUnorderedEventList                    build/obj/tasks.o
                                                  build/obj/event_groups.o
vTaskPriorityDisinheritAfterTimeout               build/obj/tasks.o
                                                  build/obj/queue.o
vTaskPrioritySet                                  build/obj/tasks.o
vTaskRemoveFromUnorderedEventList                 build/obj/tasks.o
                                                  build/obj/event_groups.o
vTaskResume                                       build/obj/tasks.o
vTaskSetThreadLocalStoragePointer                 build/obj/tasks.o
vTaskSetTimeOutState                              build/obj/tasks.o
                                                  build/obj/stream_buffer.o
vTaskStartScheduler                               build/obj/tasks.o
                                                  build/obj/main.o
vTaskSuspend                                      build/obj/tasks.o
vTaskSuspendAll                                   build/obj/tasks.o
                                                  build/obj/main.o
                                                  build/obj/heap_4.o
                                                  build/obj/stream_buffer.o
                                                  build/obj/queue.o
                                                  build/obj/event_groups.o
vTaskSwitchContext                                build/obj/tasks.o
                                                  build/obj/port.o
                                                  build/obj/portasm.o
vTaskTwo                                          build/obj/main.o
vector0                                           build/obj/vectors.o
vector1                                           build/obj/vectors.o
vector10                                          build/obj/spc5_edma.o
                                                  build/obj/vectors.o
vector100                                         build/obj/vectors.o
vector101                                         build/obj/vectors.o
vector102                                         build/obj/vectors.o
vector103                                         build/obj/vectors.o
vector104                                         build/obj/vectors.o
vector105                                         build/obj/vectors.o
vector106                                         build/obj/vectors.o
vector107                                         build/obj/vectors.o
vector108                                         build/obj/vectors.o
vector109                                         build/obj/vectors.o
vector11                                          build/obj/spc5_edma.o
                                                  build/obj/vectors.o
vector110                                         build/obj/vectors.o
vector111                                         build/obj/vectors.o
vector112                                         build/obj/vectors.o
vector113                                         build/obj/vectors.o
vector114                                         build/obj/vectors.o
vector115                                         build/obj/vectors.o
vector116                                         build/obj/vectors.o
vector117                                         build/obj/vectors.o
vector118                                         build/obj/vectors.o
vector119                                         build/obj/vectors.o
vector12                                          build/obj/spc5_edma.o
                                                  build/obj/vectors.o
vector120                                         build/obj/vectors.o
vector121                                         build/obj/vectors.o
vector122                                         build/obj/vectors.o
vector123                                         build/obj/vectors.o
vector124                                         build/obj/vectors.o
vector125                                         build/obj/vectors.o
vector126                                         build/obj/vectors.o
vector127                                         build/obj/vectors.o
vector128                                         build/obj/vectors.o
vector129                                         build/obj/vectors.o
vector13                                          build/obj/spc5_edma.o
                                                  build/obj/vectors.o
vector130                                         build/obj/vectors.o
vector131                                         build/obj/vectors.o
vector132                                         build/obj/vectors.o
vector133                                         build/obj/vectors.o
vector134                                         build/obj/vectors.o
vector135                                         build/obj/vectors.o
vector136                                         build/obj/vectors.o
vector137                                         build/obj/vectors.o
vector138                                         build/obj/vectors.o
vector139                                         build/obj/vectors.o
vector14                                          build/obj/spc5_edma.o
                                                  build/obj/vectors.o
vector140                                         build/obj/vectors.o
vector141                                         build/obj/vectors.o
vector142                                         build/obj/vectors.o
vector143                                         build/obj/vectors.o
vector144                                         build/obj/vectors.o
vector145                                         build/obj/vectors.o
vector146                                         build/obj/vectors.o
vector147                                         build/obj/vectors.o
vector148                                         build/obj/vectors.o
vector149                                         build/obj/vectors.o
vector15                                          build/obj/spc5_edma.o
                                                  build/obj/vectors.o
vector150                                         build/obj/vectors.o
vector151                                         build/obj/vectors.o
vector152                                         build/obj/spc5_emios.o
                                                  build/obj/vectors.o
vector153                                         build/obj/vectors.o
vector154                                         build/obj/vectors.o
vector155                                         build/obj/vectors.o
vector156                                         build/obj/vectors.o
vector157                                         build/obj/vectors.o
vector158                                         build/obj/vectors.o
vector159                                         build/obj/vectors.o
vector16                                          build/obj/spc5_edma.o
                                                  build/obj/vectors.o
vector160                                         build/obj/vectors.o
vector161                                         build/obj/vectors.o
vector162                                         build/obj/vectors.o
vector163                                         build/obj/vectors.o
vector164                                         build/obj/vectors.o
vector165                                         build/obj/vectors.o
vector166                                         build/obj/vectors.o
vector167                                         build/obj/vectors.o
vector168                                         build/obj/vectors.o
vector169                                         build/obj/vectors.o
vector17                                          build/obj/spc5_edma.o
                                                  build/obj/vectors.o
vector170                                         build/obj/vectors.o
vector171                                         build/obj/vectors.o
vector172                                         build/obj/vectors.o
vector173                                         build/obj/vectors.o
vector174                                         build/obj/vectors.o
vector175                                         build/obj/vectors.o
vector176                                         build/obj/vectors.o
vector177                                         build/obj/vectors.o
vector178                                         build/obj/vectors.o
vector179                                         build/obj/vectors.o
vector18                                          build/obj/spc5_edma.o
                                                  build/obj/vectors.o
vector180                                         build/obj/vectors.o
vector181                                         build/obj/vectors.o
vector182                                         build/obj/vectors.o
vector183                                         build/obj/vectors.o
vector184                                         build/obj/vectors.o
vector185                                         build/obj/vectors.o
vector186                                         build/obj/vectors.o
vector187                                         build/obj/vectors.o
vector188                                         build/obj/vectors.o
vector189                                         build/obj/vectors.o
vector19                                          build/obj/spc5_edma.o
                                                  build/obj/vectors.o
vector190                                         build/obj/vectors.o
vector191                                         build/obj/vectors.o
vector192                                         build/obj/vectors.o
vector193                                         build/obj/vectors.o
vector194                                         build/obj/vectors.o
vector195                                         build/obj/vectors.o
vector196                                         build/obj/vectors.o
vector197                                         build/obj/vectors.o
vector198                                         build/obj/vectors.o
vector199                                         build/obj/vectors.o
vector2                                           build/obj/vectors.o
vector20                                          build/obj/spc5_edma.o
                                                  build/obj/vectors.o
vector200                                         build/obj/vectors.o
vector201                                         build/obj/vectors.o
vector202                                         build/obj/vectors.o
vector203                                         build/obj/vectors.o
vector204                                         build/obj/vectors.o
vector205                                         build/obj/vectors.o
vector206                                         build/obj/vectors.o
vector207                                         build/obj/vectors.o
vector208                                         build/obj/vectors.o
vector209                                         build/obj/vectors.o
vector21                                          build/obj/spc5_edma.o
                                                  build/obj/vectors.o
vector210                                         build/obj/vectors.o
vector211                                         build/obj/vectors.o
vector212                                         build/obj/vectors.o
vector213                                         build/obj/vectors.o
vector214                                         build/obj/vectors.o
vector215                                         build/obj/vectors.o
vector216                                         build/obj/vectors.o
vector217                                         build/obj/vectors.o
vector218                                         build/obj/vectors.o
vector219                                         build/obj/vectors.o
vector22                                          build/obj/spc5_edma.o
                                                  build/obj/vectors.o
vector220                                         build/obj/vectors.o
vector221                                         build/obj/vectors.o
vector222                                         build/obj/vectors.o
vector223                                         build/obj/vectors.o
vector224                                         build/obj/vectors.o
vector225                                         build/obj/vectors.o
vector226                                         build/obj/vectors.o
vector227                                         build/obj/vectors.o
vector228                                         build/obj/vectors.o
vector229                                         build/obj/vectors.o
vector23                                          build/obj/spc5_edma.o
                                                  build/obj/vectors.o
vector230                                         build/obj/vectors.o
vector231                                         build/obj/vectors.o
vector232                                         build/obj/vectors.o
vector233                                         build/obj/vectors.o
vector24                                          build/obj/spc5_edma.o
                                                  build/obj/vectors.o
vector25                                          build/obj/spc5_edma.o
                                                  build/obj/vectors.o
vector26                                          build/obj/spc5_edma.o
                                                  build/obj/vectors.o
vector27                                          build/obj/vectors.o
vector28                                          build/obj/vectors.o
vector29                                          build/obj/vectors.o
vector3                                           build/obj/vectors.o
vector30                                          build/obj/vectors.o
vector31                                          build/obj/vectors.o
vector32                                          build/obj/vectors.o
vector33                                          build/obj/vectors.o
vector34                                          build/obj/vectors.o
vector35                                          build/obj/vectors.o
vector36                                          build/obj/vectors.o
vector37                                          build/obj/vectors.o
vector38                                          build/obj/vectors.o
vector39                                          build/obj/vectors.o
vector4                                           build/obj/vectors.o
vector40                                          build/obj/vectors.o
vector41                                          build/obj/eirq.o
                                                  build/obj/vectors.o
vector42                                          build/obj/eirq.o
                                                  build/obj/vectors.o
vector43                                          build/obj/eirq.o
                                                  build/obj/vectors.o
vector44                                          build/obj/vectors.o
vector45                                          build/obj/vectors.o
vector46                                          build/obj/vectors.o
vector47                                          build/obj/vectors.o
vector48                                          build/obj/vectors.o
vector49                                          build/obj/vectors.o
vector5                                           build/obj/vectors.o
vector50                                          build/obj/vectors.o
vector51                                          build/obj/vectors.o
vector52                                          build/obj/vectors.o